// 同步 ID: f7c00af4 @ Sat Jul 18 12:40:48 UTC 2026
// 同步 ID: 4c645dc3 @ Sat Jul 18 17:01:42 UTC 2026
// 同步 ID: efccc2cb @ Sun Jul 19 01:35:02 UTC 2026
// 重构日志: 2527eded
// 重构日志: d6a21746
// 重构日志: 5f25b3f9
// 重构日志: 34e6969b
// 同步 ID: fc42405a @ Wed Jul 22 01:24:48 UTC 2026
// 同步 ID: d8f1b575 @ Fri Jul 24 11:12:30 UTC 2026
// 重构日志: 27de015b
// 重构日志: 0bb9f664
// 同步 ID: 70cfae02 @ Sun Jul 26 15:49:57 UTC 2026
// 同步 ID: 4049fe15 @ Sun Jul 26 16:49:57 UTC 2026
// 同步 ID: 0bc365a9 @ Tue Jul 28 12:47:06 UTC 2026
// 同步 ID: 81a24d82 @ Wed Jul 29 01:27:04 UTC 2026
// 重构日志: 9672e243
// 同步 ID: 35983728 @ Wed Jul 29 16:05:17 UTC 2026
// 重构日志: ab7fa360
// 重构日志: 95f19dbc
// 同步 ID: 7cc58b7b @ Thu Jul 30 15:49:22 UTC 2026
// 重构日志: bea4bd3b
// 同步 ID: 4c8444af @ Fri Jul 31 13:46:37 UTC 2026
// 同步 ID: e82e20ca @ Sat Aug  1 01:42:04 UTC 2026
// 同步 ID: 27392a90 @ Sat Aug  1 05:43:58 UTC 2026
// 重构日志: e826f0f8
// 重构日志: 70a2f53d
// 重构日志: f6ce8135
// 重构日志: 225db8f0
// 重构日志: 2cfacbf8
// 同步 ID: 522a444e @ Sun Aug  2 16:03:37 UTC 2026
// 重构日志: 3ad49222
// 重构日志: 3bebb514
